12:29:23 **** Build of configuration Debug for project packet_tx ****
make all 
Building file: ../src/helloworld.c
Invoking: MicroBlaze gcc compiler
mb-gcc -Wall -O0 -g3 -c -fmessage-length=0 -Wl,--no-relax -I../../mb_bsp/microblaze_0/include -mxl-barrel-shift -mxl-pattern-compare -mcpu=v8.50.a -mno-xl-soft-mul -MMD -MP -MF"src/helloworld.d" -MT"src/helloworld.d" -o "src/helloworld.o" "../src/helloworld.c"
Finished building: ../src/helloworld.c
 
Building file: ../src/platform.c
Invoking: MicroBlaze gcc compiler
mb-gcc -Wall -O0 -g3 -c -fmessage-length=0 -Wl,--no-relax -I../../mb_bsp/microblaze_0/include -mxl-barrel-shift -mxl-pattern-compare -mcpu=v8.50.a -mno-xl-soft-mul -MMD -MP -MF"src/platform.d" -MT"src/platform.d" -o "src/platform.o" "../src/platform.c"
Finished building: ../src/platform.c
 
Building target: packet_tx.elf
Invoking: MicroBlaze gcc linker
mb-gcc -Wl,--no-relax -Wl,-T -Wl,../src/lscript.ld -L../../mb_bsp/microblaze_0/lib -mxl-barrel-shift -mxl-pattern-compare -mcpu=v8.50.a -mno-xl-soft-mul -o "packet_tx.elf"  ./src/helloworld.o ./src/platform.o   -Wl,--start-group,-lxil,-lgcc,-lc,--end-group
Finished building target: packet_tx.elf
 
Invoking: MicroBlaze Print Size
mb-size packet_tx.elf  |tee "packet_tx.elf.size"
   text	   data	    bss	    dec	    hex	filename
  12094	   1416	  33008	  46518	   b5b6	packet_tx.elf
Finished building: packet_tx.elf.size
 
Invoking: Xilinx ELF Check
elfcheck packet_tx.elf -hw ../../edk_hw_platform/system.xml -pe microblaze_0  |tee "packet_tx.elf.elfcheck"
elfcheck
Xilinx EDK 14.5 Build EDK_P.58f
Copyright (c) 1995-2012 Xilinx, Inc.  All rights reserved.

Command Line: elfcheck -hw ../../edk_hw_platform/system.xml -pe microblaze_0
packet_tx.elf 

ELF file	: packet_tx.elf
elfcheck passed.
Finished building: packet_tx.elf.elfcheck
 

12:29:24 Build Finished (took 1s.520ms)

