/raid/home/akumar17/thesis/sdn_switch/edk/implementation/system.ngc 1427125400
/raid/home/akumar17/thesis/sdn_switch/edk/implementation/system_ppc405_0_wrapper.ngc 1427125063
/raid/home/akumar17/thesis/sdn_switch/edk/implementation/system_microblaze_0_wrapper.ngc 1427125069
/raid/home/akumar17/thesis/sdn_switch/edk/implementation/system_ilmb_wrapper.ngc 1427125075
/raid/home/akumar17/thesis/sdn_switch/edk/implementation/system_dlmb_wrapper.ngc 1427125081
/raid/home/akumar17/thesis/sdn_switch/edk/implementation/system_dlmb_cntlr_wrapper.ngc 1427124496
/raid/home/akumar17/thesis/sdn_switch/edk/implementation/system_ilmb_cntlr_wrapper.ngc 1427124504
/raid/home/akumar17/thesis/sdn_switch/edk/implementation/system_lmb_bram_wrapper.ngc 1427124516
/raid/home/akumar17/thesis/sdn_switch/edk/implementation/system_mdm_0_wrapper.ngc 1427124529
/raid/home/akumar17/thesis/sdn_switch/edk/implementation/system_plb_wrapper.ngc 1427124552
/raid/home/akumar17/thesis/sdn_switch/edk/implementation/system_xps_bram_if_cntlr_1_wrapper.ngc 1427124564
/raid/home/akumar17/thesis/sdn_switch/edk/implementation/system_plb_bram_if_cntlr_1_bram_wrapper.ngc 1427124573
/raid/home/akumar17/thesis/sdn_switch/edk/implementation/system_rs232_uart_1_wrapper.ngc 1427124591
/raid/home/akumar17/thesis/sdn_switch/edk/implementation/system_mgt_wrapper_wrapper.ngc 1427125087
/raid/home/akumar17/thesis/sdn_switch/edk/implementation/system_ddr2_sdram_wrapper.ngc 1427125093
/raid/home/akumar17/thesis/sdn_switch/edk/implementation/system_ppc405_0_iplb1_wrapper.ngc 1427124743
/raid/home/akumar17/thesis/sdn_switch/edk/implementation/system_ppc405_0_dplb1_wrapper.ngc 1427124753
/raid/home/akumar17/thesis/sdn_switch/edk/implementation/system_orgate_1_wrapper.ngc 1427124761
/raid/home/akumar17/thesis/sdn_switch/edk/implementation/system_clock_generator_0_wrapper.ngc 1427125099
/raid/home/akumar17/thesis/sdn_switch/edk/implementation/system_jtagppc_cntlr_inst_wrapper.ngc 1427124779
/raid/home/akumar17/thesis/sdn_switch/edk/implementation/system_proc_sys_reset_0_wrapper.ngc 1427124787
/raid/home/akumar17/thesis/sdn_switch/edk/implementation/system_xps_intc_0_wrapper.ngc 1427125105
/raid/home/akumar17/thesis/sdn_switch/edk/implementation/system_xps_intc_1_wrapper.ngc 1427125111
/raid/home/akumar17/thesis/sdn_switch/edk/implementation/system_sdn_switch_0_wrapper.ngc 1427124949
/raid/home/akumar17/thesis/sdn_switch/edk/implementation/system_fsl_switch_intf_0_wrapper.ngc 1427124958
/raid/home/akumar17/thesis/sdn_switch/edk/implementation/system_fsl_v20_0_wrapper.ngc 1427125117
/raid/home/akumar17/thesis/sdn_switch/edk/implementation/system_chipscope_icon_0_wrapper.ngc 1427125122
/raid/home/akumar17/thesis/sdn_switch/edk/implementation/system_chipscope_ila_0_sdn_switch_ip_wrapper.ngc 1427125128
/raid/home/akumar17/thesis/sdn_switch/edk/implementation/system_chipscope_ila_1_fsl_switch_intf_wrapper.ngc 1427125134
/raid/home/akumar17/thesis/sdn_switch/edk/implementation/system_sdn_ctlr_intf_0_wrapper.ngc 1427125041
/raid/home/akumar17/thesis/sdn_switch/edk/implementation/system_chipscope_vio_0_wrapper.ngc 1427125140
/raid/home/akumar17/thesis/sdn_switch/edk/implementation/system_chipscope_ila_0_sdn_switch_op_wrapper.ngc 1427125146
OK
